// Jest Snapshot v1, https://goo.gl/fbAQLP

exports[`opens modal when isOpen prop is true: block overflow-y-auto overflow-x-hidden fixed top-0 right-0 left-0 z-50 justify-center items-center w-full md:inset-0 h-modal md:h-full 1`] = `"block overflow-y-auto overflow-x-hidden fixed top-0 right-0 left-0 z-50 justify-center items-center w-full md:inset-0 h-modal md:h-full"`;

exports[`opens modal when isOpen prop is true: hidden overflow-y-auto overflow-x-hidden fixed top-0 right-0 left-0 z-50 justify-center items-center w-full md:inset-0 h-modal md:h-full 1`] = `"block overflow-y-auto overflow-x-hidden fixed top-0 right-0 left-0 z-50 justify-center items-center w-full md:inset-0 h-modal md:h-full"`;
